../Core/Src/main.c:94:6:delay	16	static
../Core/Src/main.c:101:6:Display_Soil	40	static
../Core/Src/main.c:110:6:Display_Temp	40	static
../Core/Src/main.c:119:6:Display_Rh	40	static
../Core/Src/main.c:139:6:Set_Pin_Output	32	static
../Core/Src/main.c:148:6:Set_Pin_Input	32	static
../Core/Src/main.c:160:6:DHT11_Start	8	static
../Core/Src/main.c:170:9:DHT11_Check_Response	16	static
../Core/Src/main.c:185:9:DHT11_Read	16	static
../Core/Src/main.c:202:9:readSoil	16	static
../Core/Src/main.c:234:5:main	80	static
../Core/Src/main.c:362:6:SystemClock_Config	88	static
../Core/Src/main.c:409:13:MX_ADC1_Init	24	static
../Core/Src/main.c:456:13:MX_I2C1_Init	8	static
../Core/Src/main.c:490:13:MX_SPI1_Init	8	static
../Core/Src/main.c:528:13:MX_TIM1_Init	32	static
../Core/Src/main.c:574:13:MX_USART1_UART_Init	8	static
../Core/Src/main.c:605:13:MX_DMA_Init	16	static
../Core/Src/main.c:626:13:MX_GPIO_Init	40	static
../Core/Src/main.c:694:6:Error_Handler	4	static,ignoring_inline_asm
